// Jest Snapshot v1, https://goo.gl/fbAQLP

exports[`modules/datasource/buf/index getReleases processes real data 1`] = `
{
  "homepage": "https://buf.build/",
  "registryUrl": "https://api.buf.build/",
  "releases": [
    {
      "releaseTimestamp": "2022-09-06T17:15:22.206Z",
      "version": "62f35d8aed1149c291d606d958a7ce32",
    },
    {
      "releaseTimestamp": "2022-09-08T15:02:32.486Z",
      "version": "8d7204855ec14631a499bd7393ce1970",
    },
  ],
}
`;
